4.419848609216429566e-03 2.152091144978857812e-02 1.222772603351119855e-02 1.064547663749677159e-02 2.415889274709021040e-02 2.095370558583286441e-02 2.640338549186591055e-02 3.999522502363630355e-02 4.234755958103195161e-02
4.106904755003458821e-03 2.608547677857194630e-02 1.307718775219557025e-02 7.952233943450367701e-03 2.160344622713909063e-02 1.687196520493434992e-02 1.697723966570121798e-02 2.582872838287932765e-02 2.559964313022888849e-02
5.672872418931357297e-03 1.244416666356701166e-02 3.292312032374505176e-02 1.801152580234028494e-02 1.883901258192033010e-02 1.640176142302386675e-02 1.506537195354912088e-02 1.952326880139165777e-02 6.962899034379496643e-02
5.270462766947803940e-03 1.494687712542236598e-02 4.052543782750698403e-02 4.290283020391773283e-02 4.258809605894473688e-02 2.909107028574958731e-02 3.574225634859774098e-02 5.110026696555076270e-02 5.539499910574916669e-02
1.021650806474556049e-02 1.714822814156309605e-02 2.769067677480840581e-02 3.499152631109857942e-02 2.527316441418151621e-02 2.648796139315834006e-02 3.098156361371391665e-02 4.610748580126216439e-02 5.065243464832209358e-02
3.806816498316185383e-03 2.295913169950130478e-02 6.972981366373714844e-03 1.495737152587204785e-02 1.608126799250959582e-01 1.014777236395402772e-02 1.554385274070452759e-02 2.149677552622065307e-02 2.895152184746003013e-02
2.164186614805956813e-03 1.495375587652903425e-02 6.287514573039484911e-03 7.165917273481910675e-03 1.660799301838740416e-02 9.036797203860446812e-03 2.332675039414325649e-02 2.688033840175066067e-02 4.683167915887143790e-02
9.546688392279300411e-03 1.634774874069537878e-02 2.825298847953541109e-02 1.316362365210898069e-02 2.091640032293246715e-02 1.792003499776049710e-02 2.630815017123223909e-02 4.337537561654841722e-02 3.331998992189356273e-02
1.209334068357025352e-02 1.504728350037728112e-02 9.478956550377970816e-03 1.936490398047144984e-02 1.155357889076765593e-02 1.355029952746295355e-02 9.442927982828039704e-03 8.001357909446400740e-03 1.481560738620618829e-02
4.082120001138466771e-03 1.101357187437778697e-02 2.515221807463799766e-02 2.973783390618957648e-02 2.703131243302646022e-02 3.636768338871444739e-02 2.720073528417923242e-02 2.275815414850097806e-02 2.240994047512861326e-02
8.255458351453578286e-03 2.166477484618336072e-02 1.569172936200444179e-02 3.277455239701675474e-03 1.579296608550082373e-02 1.831567499758795028e-02 1.687271155036237577e-02 2.748888439773548159e-02 3.266984489452153667e-02
3.115433505296895389e-03 4.233157476662254698e-02 2.034336498137498950e-01 1.598761866624624078e-02 1.417970206376882591e-02 2.173145987153518865e-01 1.235611509524360205e-02 2.140062881273034623e-02 1.021116019816522419e-01
4.248572745096742057e-03 1.639905146308532485e-02 2.004227014568426418e-02 3.231907283843118289e-02 2.870065599112686661e-02 2.075991507868199873e-02 3.690847538920493526e-02 2.075835098948032240e-02 5.741575685996266193e-02
